# created repository in github website
Central Repository: FlaskWebsite01
# Add files from local repository to central Server by using following commands



yedem@Nagendra MINGW64 /e/Python/Python Udemy Courses/Python 10 Real world Applications/04__Flask  Tutorial for Begineers
$ git init
Initialized empty Git repository in E:/Python/Python Udemy Courses/Python 10 Real world Applications/04__Flask  Tutorial for Begineers/.git/

yedem@Nagendra MINGW64 /e/Python/Python Udemy Courses/Python 10 Real world Applications/04__Flask  Tutorial for Begineers (master)
$ git remote add origin "https://github.com/ybnagendra/FlaskWebsite01.git"

yedem@Nagendra MINGW64 /e/Python/Python Udemy Courses/Python 10 Real world Applications/04__Flask  Tutorial for Begineers (master)
$ git pull origin master

remote: Enumerating objects: 6, done.
remote: Counting objects: 100% (6/6), done.
remote: Compressing objects: 100% (4/4), done.
remote: Total 6 (delta 1), reused 0 (delta 0), pack-reused 0
Unpacking objects: 100% (6/6), 1.31 KiB | 3.00 KiB/s, done.
From https://github.com/ybnagendra/FlaskWebsite01
 * branch            master     -> FETCH_HEAD
 * [new branch]      master     -> origin/master

yedem@Nagendra MINGW64 /e/Python/Python Udemy Courses/Python 10 Real world Applications/04__Flask  Tutorial for Begineers (master)
$

yedem@Nagendra MINGW64 /e/Python/Python Udemy Courses/Python 10 Real world Applications/04__Flask  Tutorial for Begineers (master)
$ git status
On branch master
Untracked files:
  (use "git add <file>..." to include in what will be committed)
        .idea/
        Flask Tutorial for Begineers.docx
        app.py
        static/
        templates/
        ~$ask Tutorial for Begineers.docx

nothing added to commit but untracked files present (use "git add" to track)

yedem@Nagendra MINGW64 /e/Python/Python Udemy Courses/Python 10 Real world Applications/04__Flask  Tutorial for Begineers (master)
$ git commit -m "adding my project from local repository to central repository"
On branch master
Untracked files:
  (use "git add <file>..." to include in what will be committed)
        .idea/
        Flask Tutorial for Begineers.docx
        app.py
        static/
        templates/
        ~$ask Tutorial for Begineers.docx

nothing added to commit but untracked files present (use "git add" to track)

yedem@Nagendra MINGW64 /e/Python/Python Udemy Courses/Python 10 Real world Applications/04__Flask  Tutorial for Begineers (master)
$ git add -A
warning: LF will be replaced by CRLF in .idea/inspectionProfiles/profiles_settings.xml.
The file will have its original line endings in your working directory

yedem@Nagendra MINGW64 /e/Python/Python Udemy Courses/Python 10 Real world Applications/04__Flask  Tutorial for Begineers (master)
$ git status
On branch master
Changes to be committed:
  (use "git restore --staged <file>..." to unstage)
        new file:   .idea/04__Flask  Tutorial for Begineers.iml
        new file:   .idea/inspectionProfiles/profiles_settings.xml
        new file:   .idea/misc.xml
        new file:   .idea/modules.xml
        new file:   .idea/workspace.xml
        new file:   Flask Tutorial for Begineers.docx
        new file:   app.py
        new file:   static/css/main.css
        new file:   templates/base.html
        new file:   templates/index.html
        new file:   templates/posts.html
        new file:   ~$ask Tutorial for Begineers.docx


yedem@Nagendra MINGW64 /e/Python/Python Udemy Courses/Python 10 Real world Applications/04__Flask  Tutorial for Begineers (master)
$ git commit -m "adding my project from local repository to central repository"
[master 5d8d829] adding my project from local repository to central repository
 12 files changed, 253 insertions(+)
 create mode 100644 .idea/04__Flask  Tutorial for Begineers.iml
 create mode 100644 .idea/inspectionProfiles/profiles_settings.xml
 create mode 100644 .idea/misc.xml
 create mode 100644 .idea/modules.xml
 create mode 100644 .idea/workspace.xml
 create mode 100644 Flask Tutorial for Begineers.docx
 create mode 100644 app.py
 create mode 100644 static/css/main.css
 create mode 100644 templates/base.html
 create mode 100644 templates/index.html
 create mode 100644 templates/posts.html
 create mode 100644 ~$ask Tutorial for Begineers.docx

yedem@Nagendra MINGW64 /e/Python/Python Udemy Courses/Python 10 Real world Applications/04__Flask  Tutorial for Begineers (master)
$ ls
'~$ask Tutorial for Begineers.docx'   README.md
 app.py                               static/
'Flask Tutorial for Begineers.docx'   templates/

yedem@Nagendra MINGW64 /e/Python/Python Udemy Courses/Python 10 Real world Applications/04__Flask  Tutorial for Begineers (master)
$ cat /c/Users/yedem/.ssh/id_rsa.pub
ssh-rsa AAAAB3NzaC1yc2EAAAADAQABAAABgQDzIMw0T09Qbh8qNuZZzegvb+pKNO2PFxhj0RTMdaZ85CDgduVzO/mDjLKsIsMjJ/MNG0mqF3tJlQ1SElERxVrI/yvFwiHUM0+d90+5FtK/yiU1uvfj0c/hjwuQ2MLPsTYAtgxHF9Gzw9MHNhM3LsRmTRiwl+ouZ/tt+BQTxDXtPV39V0JgLtkQNOfbm195V5eBKnp95steStavODMA3FNgkvOArPqZqRXz/y3l04FpX+o3762HOgDvilYkx29VRv2/CJ0ZycfECxRMmdV//cEtxvd5+NjPfga4GWH5BosvzQT4X55DNl2SC4eQ1Q2ZUSPyG6E9pyxi+fE7oBdpgMYjlqCunmPpyamdyk7w/Xb0kEYTB+OqO6+5OSiBZCEOk/WNTes6fbxv53H40O+gjcPt2AjtEd8n5ncEagyNFvEezysUsDuvafTTFta7FZqEiSIgP3xs6H47q/EQe2gW4QaQXgyJzYtUDlMwkcnAEa2OEMdU1JD4qrIXEtFHNUYvsvk= yedem@Nagendra

yedem@Nagendra MINGW64 /e/Python/Python Udemy Courses/Python 10 Real world Applications/04__Flask  Tutorial for Begineers (master)
$ ssh -T git@github.com
Hi ybnagendra! You've successfully authenticated, but GitHub does not provide shell access.

yedem@Nagendra MINGW64 /e/Python/Python Udemy Courses/Python 10 Real world Applications/04__Flask  Tutorial for Begineers (master)
$ ssh -T git@github.com
Hi ybnagendra! You've successfully authenticated, but GitHub does not provide shell access.

yedem@Nagendra MINGW64 /e/Python/Python Udemy Courses/Python 10 Real world Applications/04__Flask  Tutorial for Begineers (master)
$ git push origin master
Enumerating objects: 20, done.
Counting objects: 100% (20/20), done.
Delta compression using up to 4 threads
Compressing objects: 100% (16/16), done.
Writing objects: 100% (19/19), 1.28 MiB | 22.00 KiB/s, done.
Total 19 (delta 0), reused 0 (delta 0), pack-reused 0
To https://github.com/ybnagendra/FlaskWebsite01.git
   f4b4c69..5d8d829  master -> master

yedem@Nagendra MINGW64 /e/Python/Python Udemy Courses/Python 10 Real world Applications/04__Flask  Tutorial for Begineers (master)
$git log

commit 5d8d829b1ec84b78f6ce95771c8fda88c3264535 (HEAD -> master, origin/master)
Author: ybnagendra <miservices.mys@gmail.com>
Date:   Thu Jul 30 16:43:01 2020 +0530

    adding my project from local repository to central repository

commit f4b4c69cbf186594666d71db19d762a9ac8b4542
Author: Bala Nagendra <68959202+ybnagendra@users.noreply.github.com>
Date:   Thu Jul 30 22:08:11 2020 +0530

    Update README.md

commit 06145a314b4c0298d7a6d1a7c77b7b29ea93613c
Author: Bala Nagendra <68959202+ybnagendra@users.noreply.github.com>
Date:   Thu Jul 30 22:05:06 2020 +0530

    Initial commit


